[Architectury Transformer DEBUG] 
[Architectury Transformer DEBUG] ============================
[Architectury Transformer DEBUG] Transforming from C:\Users\Boston\Downloads\ProjectFlint sourceCode\PF-EMI\PF-EMI\xplat\build\devlibs\pf-emi-1.1.23-pf.1+1.21.11+xplat-dev.jar to C:\Users\Boston\Downloads\ProjectFlint sourceCode\PF-EMI\PF-EMI\xplat\build\libs\pf-emi-1.1.23-pf.1+1.21.11+xplat-transformProductionFabric.jar
[Architectury Transformer DEBUG] ============================
[Architectury Transformer DEBUG] 
[Architectury Transformer DEBUG] Transforming 5 transformer(s) from C:\Users\Boston\Downloads\ProjectFlint sourceCode\PF-EMI\PF-EMI\xplat\build\devlibs\pf-emi-1.1.23-pf.1+1.21.11+xplat-dev.jar to C:\Users\Boston\Downloads\ProjectFlint sourceCode\PF-EMI\PF-EMI\xplat\build\libs\pf-emi-1.1.23-pf.1+1.21.11+xplat-transformProductionFabric.jar: 
[Architectury Transformer DEBUG]  - dev.architectury.transformer.transformers.RemapMixinVariables@7e7c4d76
[Architectury Transformer DEBUG]  - dev.architectury.transformer.transformers.TransformExpectPlatform@b8b4ac6
[Architectury Transformer DEBUG]  - dev.architectury.transformer.transformers.RemapInjectables@19198fcb
[Architectury Transformer DEBUG]  - AddRefmapName(enabled=() -> kotlin.Boolean)
[Architectury Transformer DEBUG]  - dev.architectury.transformer.transformers.TransformPlatformOnly@1c142262
[Architectury Transformer DEBUG] Transforming from C:\Users\Boston\Downloads\ProjectFlint sourceCode\PF-EMI\PF-EMI\xplat\build\devlibs\pf-emi-1.1.23-pf.1+1.21.11+xplat-dev.jar to C:\Users\Boston\Downloads\ProjectFlint sourceCode\PF-EMI\PF-EMI\xplat\build\libs\pf-emi-1.1.23-pf.1+1.21.11+xplat-transformProductionFabric.jar with 5 transformer(s) on dev.architectury.transformer.handler.SimpleTransformerHandler
[Architectury Transformer DEBUG] Found class transformer
[Architectury Transformer DEBUG] Writing dev/emi/emi/widget/RecipeTreeButtonWidget with maxs=true frames=true
[Architectury Transformer DEBUG] Writing dev/emi/emi/widget/RecipeScreenshotButtonWidget with maxs=true frames=true
[Architectury Transformer DEBUG] Writing dev/emi/emi/widget/RecipeDefaultButtonWidget with maxs=true frames=true
[Architectury Transformer DEBUG] Writing dev/emi/emi/widget/RecipeDefaultButtonWidget$1 with maxs=true frames=true
[Architectury Transformer DEBUG] Writing dev/emi/emi/widget/RecipeButtonWidget with maxs=true frames=true
[Architectury Transformer DEBUG] Writing dev/emi/emi/widget/RecipeBackground with maxs=true frames=true
[Architectury Transformer DEBUG] Writing dev/emi/emi/VanillaPlugin with maxs=true frames=true
[Architectury Transformer DEBUG] Provided 65 classpath jar(s):
[Architectury Transformer DEBUG]  - C:\Users\Boston\.gradle\caches\modules-2\files-2.1\org.jetbrains\annotations\26.0.2\c7ce3cdeda3d18909368dfe5977332dfad326c6d\annotations-26.0.2.jar
[Architectury Transformer DEBUG]  - C:\Users\Boston\.gradle\caches\modules-2\files-2.1\org.ow2.asm\asm\9.10.1\ada2141c0cc52ee8f5c48cd5fa4ce0e794f22236\asm-9.10.1.jar
[Architectury Transformer DEBUG]  - C:\Users\Boston\.gradle\caches\modules-2\files-2.1\org.ow2.asm\asm-analysis\9.10.1\8d49f14d51f632cb1d87c88d1ceaf50db0d8af1b\asm-analysis-9.10.1.jar
[Architectury Transformer DEBUG]  - C:\Users\Boston\.gradle\caches\modules-2\files-2.1\org.ow2.asm\asm-commons\9.10.1\4229e4c55fd8e01c23f9fe9884075cc628aacc50\asm-commons-9.10.1.jar
[Architectury Transformer DEBUG]  - C:\Users\Boston\.gradle\caches\modules-2\files-2.1\org.ow2.asm\asm-tree\9.10.1\e244332a17564c1d1572449399a842de35881be2\asm-tree-9.10.1.jar
[Architectury Transformer DEBUG]  - C:\Users\Boston\.gradle\caches\modules-2\files-2.1\org.ow2.asm\asm-util\9.10.1\7bb9d450e8d4cbf9f9e04096c44bbfe7fba80b15\asm-util-9.10.1.jar
[Architectury Transformer DEBUG]  - C:\Users\Boston\.gradle\caches\modules-2\files-2.1\net.fabricmc\sponge-mixin\0.17.3+mixin.0.8.7\41c4a3984a80f4679e759fb9f495587acc5cdac7\sponge-mixin-0.17.3+mixin.0.8.7.jar
[Architectury Transformer DEBUG]  - C:\Users\Boston\.gradle\caches\modules-2\files-2.1\io.github.llamalad7\mixinextras-fabric\0.5.4\5e167154bcb9942111313a5e186e16cd7265f858\mixinextras-fabric-0.5.4.jar
[Architectury Transformer DEBUG]  - C:\Users\Boston\.gradle\caches\modules-2\files-2.1\at.yawk.lz4\lz4-java\1.8.1\1f30a180ee04ccd53339a716aec13cae60a013b5\lz4-java-1.8.1.jar
[Architectury Transformer DEBUG]  - C:\Users\Boston\.gradle\caches\modules-2\files-2.1\com.azure\azure-json\1.4.0\fcc1d354dbc3e0300e5276b1bf124d0247799cd8\azure-json-1.4.0.jar
[Architectury Transformer DEBUG]  - C:\Users\Boston\.gradle\caches\modules-2\files-2.1\com.github.oshi\oshi-core\6.9.0\3224870731860cfcd7744581a05b559e94291e7\oshi-core-6.9.0.jar
[Architectury Transformer DEBUG]  - C:\Users\Boston\.gradle\caches\modules-2\files-2.1\com.google.code.gson\gson\2.13.2\48b8230771e573b54ce6e867a9001e75977fe78e\gson-2.13.2.jar
[Architectury Transformer DEBUG]  - C:\Users\Boston\.gradle\caches\modules-2\files-2.1\com.google.guava\failureaccess\1.0.3\aeaffd00d57023a2c947393ed251f0354f0985fc\failureaccess-1.0.3.jar
[Architectury Transformer DEBUG]  - C:\Users\Boston\.gradle\caches\modules-2\files-2.1\com.google.guava\guava\33.5.0-jre\8699de25f2f979108d6c1b804a7ba38cda1116bc\guava-33.5.0-jre.jar
[Architectury Transformer DEBUG]  - C:\Users\Boston\.gradle\caches\modules-2\files-2.1\com.ibm.icu\icu4j\77.1\38693cf0b1d7362a8b726af74dc06026a7c23809\icu4j-77.1.jar
[Architectury Transformer DEBUG]  - C:\Users\Boston\.gradle\caches\modules-2\files-2.1\com.microsoft.azure\msal4j\1.23.1\6c722b514873b24a4e1ce9c22dca36ea3c22bdbe\msal4j-1.23.1.jar
[Architectury Transformer DEBUG]  - C:\Users\Boston\.gradle\caches\modules-2\files-2.1\com.mojang\authlib\7.0.61\efee1e6b54e863108576eb3b3ae71144626aaefc\authlib-7.0.61.jar
[Architectury Transformer DEBUG]  - C:\Users\Boston\.gradle\caches\modules-2\files-2.1\com.mojang\blocklist\1.0.10\5c685c5ffa94c4cd39496c7184c1d122e515ecef\blocklist-1.0.10.jar
[Architectury Transformer DEBUG]  - C:\Users\Boston\.gradle\caches\modules-2\files-2.1\com.mojang\brigadier\1.3.10\d15b53a14cf20fdcaa98f731af5dda654452c010\brigadier-1.3.10.jar
[Architectury Transformer DEBUG]  - C:\Users\Boston\.gradle\caches\modules-2\files-2.1\com.mojang\datafixerupper\9.0.19\4e91f9712fa1e83231d1501625381b0210a977da\datafixerupper-9.0.19.jar
[Architectury Transformer DEBUG]  - C:\Users\Boston\.gradle\caches\modules-2\files-2.1\com.mojang\jtracy\1.0.37\a3fb649b2e2b2288d2978f0b0bc3d83f62809d1e\jtracy-1.0.37.jar
[Architectury Transformer DEBUG]  - C:\Users\Boston\.gradle\caches\modules-2\files-2.1\com.mojang\logging\1.6.11\fd147240733010c158249d986323f9ef98977fe\logging-1.6.11.jar
[Architectury Transformer DEBUG]  - C:\Users\Boston\.gradle\caches\modules-2\files-2.1\com.mojang\patchy\2.2.10\da05971b07cbb379d002cf7eaec6a2048211fefc\patchy-2.2.10.jar
[Architectury Transformer DEBUG]  - C:\Users\Boston\.gradle\caches\modules-2\files-2.1\com.mojang\text2speech\1.18.11\e853a12cdd6ba4f4836e8f4bf3b37844a13482b6\text2speech-1.18.11.jar
[Architectury Transformer DEBUG]  - C:\Users\Boston\.gradle\caches\modules-2\files-2.1\commons-codec\commons-codec\1.19.0\8c0dbe3ae883fceda9b50a6c76e745e548073388\commons-codec-1.19.0.jar
[Architectury Transformer DEBUG]  - C:\Users\Boston\.gradle\caches\modules-2\files-2.1\commons-io\commons-io\2.20.0\36f3474daec2849c149e877614e7f979b2082cd2\commons-io-2.20.0.jar
[Architectury Transformer DEBUG]  - C:\Users\Boston\.gradle\caches\modules-2\files-2.1\io.netty\netty-buffer\4.2.7.Final\5555ff561643bf2f8430fb57c24403c0efe15994\netty-buffer-4.2.7.Final.jar
[Architectury Transformer DEBUG]  - C:\Users\Boston\.gradle\caches\modules-2\files-2.1\io.netty\netty-codec-base\4.2.7.Final\915e381ebabcf115f1c7ff7032d55c48afb50210\netty-codec-base-4.2.7.Final.jar
[Architectury Transformer DEBUG]  - C:\Users\Boston\.gradle\caches\modules-2\files-2.1\io.netty\netty-codec-compression\4.2.7.Final\572341bc1ca90fd9d6e47f1d2694aab5258566e9\netty-codec-compression-4.2.7.Final.jar
[Architectury Transformer DEBUG]  - C:\Users\Boston\.gradle\caches\modules-2\files-2.1\io.netty\netty-codec-http\4.2.7.Final\b734c108854099c421fd94d92d9f865e4d4da853\netty-codec-http-4.2.7.Final.jar
[Architectury Transformer DEBUG]  - C:\Users\Boston\.gradle\caches\modules-2\files-2.1\io.netty\netty-common\4.2.7.Final\11aa30df26af4fca3239ac1917f303a280f301e1\netty-common-4.2.7.Final.jar
[Architectury Transformer DEBUG]  - C:\Users\Boston\.gradle\caches\modules-2\files-2.1\io.netty\netty-handler\4.2.7.Final\7ad8a1f851e2e6fe93cdd091871fda2b81c03b5b\netty-handler-4.2.7.Final.jar
[Architectury Transformer DEBUG]  - C:\Users\Boston\.gradle\caches\modules-2\files-2.1\io.netty\netty-resolver\4.2.7.Final\5f3e5ef8de03992cd4fb46960dc0085ec1a12a12\netty-resolver-4.2.7.Final.jar
[Architectury Transformer DEBUG]  - C:\Users\Boston\.gradle\caches\modules-2\files-2.1\io.netty\netty-transport-classes-epoll\4.2.7.Final\1075c09f48a78eef9d819fbfd9096b903fdd362a\netty-transport-classes-epoll-4.2.7.Final.jar
[Architectury Transformer DEBUG]  - C:\Users\Boston\.gradle\caches\modules-2\files-2.1\io.netty\netty-transport-classes-kqueue\4.2.7.Final\bdec7c23c75caabd848426d073c09568e8d5f94e\netty-transport-classes-kqueue-4.2.7.Final.jar
[Architectury Transformer DEBUG]  - C:\Users\Boston\.gradle\caches\modules-2\files-2.1\io.netty\netty-transport-native-unix-common\4.2.7.Final\89953f04259ea7502cffb313630dd51e00e60669\netty-transport-native-unix-common-4.2.7.Final.jar
[Architectury Transformer DEBUG]  - C:\Users\Boston\.gradle\caches\modules-2\files-2.1\io.netty\netty-transport\4.2.7.Final\83ea548981d0d8c4a98027cc1a6f9624f902e142\netty-transport-4.2.7.Final.jar
[Architectury Transformer DEBUG]  - C:\Users\Boston\.gradle\caches\modules-2\files-2.1\it.unimi.dsi\fastutil\8.5.18\a6cff377eecc19c2037bf31568a6d7106b50ba1f\fastutil-8.5.18.jar
[Architectury Transformer DEBUG]  - C:\Users\Boston\.gradle\caches\modules-2\files-2.1\net.java.dev.jna\jna-platform\5.17.0\a4934c44d25a9d8c2ddf4203affd20330cb3426f\jna-platform-5.17.0.jar
[Architectury Transformer DEBUG]  - C:\Users\Boston\.gradle\caches\modules-2\files-2.1\net.java.dev.jna\jna\5.17.0\33d12735bef894440780fce64f9758d420c7bae2\jna-5.17.0.jar
[Architectury Transformer DEBUG]  - C:\Users\Boston\.gradle\caches\modules-2\files-2.1\net.sf.jopt-simple\jopt-simple\5.0.4\4fdac2fbe92dfad86aa6e9301736f6b4342a3f5c\jopt-simple-5.0.4.jar
[Architectury Transformer DEBUG]  - C:\Users\Boston\.gradle\caches\modules-2\files-2.1\org.apache.commons\commons-compress\1.28.0\e482f2c7a88dac3c497e96aa420b6a769f59c8d7\commons-compress-1.28.0.jar
[Architectury Transformer DEBUG]  - C:\Users\Boston\.gradle\caches\modules-2\files-2.1\org.apache.commons\commons-lang3\3.19.0\d6524b169a6574cd253760c472d419b47bfd37e6\commons-lang3-3.19.0.jar
[Architectury Transformer DEBUG]  - C:\Users\Boston\.gradle\caches\modules-2\files-2.1\org.apache.logging.log4j\log4j-api\2.25.2\292c1a2b1702f1e1e3adb13e1c57e5bff60335ff\log4j-api-2.25.2.jar
[Architectury Transformer DEBUG]  - C:\Users\Boston\.gradle\caches\modules-2\files-2.1\org.apache.logging.log4j\log4j-core\2.25.2\d4d0ad2e51e03e531f784891fbfff1bae1e13a12\log4j-core-2.25.2.jar
[Architectury Transformer DEBUG]  - C:\Users\Boston\.gradle\caches\modules-2\files-2.1\org.apache.logging.log4j\log4j-slf4j2-impl\2.25.2\5eec0c392661dee8a366baec17e8896900dd978f\log4j-slf4j2-impl-2.25.2.jar
[Architectury Transformer DEBUG]  - C:\Users\Boston\.gradle\caches\modules-2\files-2.1\org.jcraft\jorbis\0.0.17\8872d22b293e8f5d7d56ff92be966e6dc28ebdc6\jorbis-0.0.17.jar
[Architectury Transformer DEBUG]  - C:\Users\Boston\.gradle\caches\modules-2\files-2.1\org.joml\joml\1.10.8\fc0a71dad90a2cf41d82a76156a0e700af8e4f8d\joml-1.10.8.jar
[Architectury Transformer DEBUG]  - C:\Users\Boston\.gradle\caches\modules-2\files-2.1\org.jspecify\jspecify\1.0.0\7425a601c1c7ec76645a78d22b8c6a627edee507\jspecify-1.0.0.jar
[Architectury Transformer DEBUG]  - C:\Users\Boston\.gradle\caches\modules-2\files-2.1\org.lwjgl\lwjgl-freetype\3.3.3\a0db6c84a8becc8ca05f9dbfa985edc348a824c7\lwjgl-freetype-3.3.3.jar
[Architectury Transformer DEBUG]  - C:\Users\Boston\.gradle\caches\modules-2\files-2.1\org.lwjgl\lwjgl-glfw\3.3.3\efa1eb78c5ccd840e9f329717109b5e892d72f8e\lwjgl-glfw-3.3.3.jar
[Architectury Transformer DEBUG]  - C:\Users\Boston\.gradle\caches\modules-2\files-2.1\org.lwjgl\lwjgl-jemalloc\3.3.3\b543467b7ff3c6920539a88ee602d34098628be5\lwjgl-jemalloc-3.3.3.jar
[Architectury Transformer DEBUG]  - C:\Users\Boston\.gradle\caches\modules-2\files-2.1\org.lwjgl\lwjgl-openal\3.3.3\daada81ceb5fc0c291fbfdd4433cb8d9423577f2\lwjgl-openal-3.3.3.jar
[Architectury Transformer DEBUG]  - C:\Users\Boston\.gradle\caches\modules-2\files-2.1\org.lwjgl\lwjgl-opengl\3.3.3\2f6b0147078396a58979125a4c947664e98293a\lwjgl-opengl-3.3.3.jar
[Architectury Transformer DEBUG]  - C:\Users\Boston\.gradle\caches\modules-2\files-2.1\org.lwjgl\lwjgl-stb\3.3.3\25dd6161988d7e65f71d5065c99902402ee32746\lwjgl-stb-3.3.3.jar
[Architectury Transformer DEBUG]  - C:\Users\Boston\.gradle\caches\modules-2\files-2.1\org.lwjgl\lwjgl-tinyfd\3.3.3\82d755ca94b102e9ca77283b9e2dc46d1b15fbe5\lwjgl-tinyfd-3.3.3.jar
[Architectury Transformer DEBUG]  - C:\Users\Boston\.gradle\caches\modules-2\files-2.1\org.lwjgl\lwjgl\3.3.3\29589b5f87ed335a6c7e7ee6a5775f81f97ecb84\lwjgl-3.3.3.jar
[Architectury Transformer DEBUG]  - C:\Users\Boston\.gradle\caches\modules-2\files-2.1\org.slf4j\slf4j-api\2.0.17\d9e58ac9c7779ba3bf8142aff6c830617a7fe60f\slf4j-api-2.0.17.jar
[Architectury Transformer DEBUG]  - C:\Users\Boston\Downloads\ProjectFlint sourceCode\PF-EMI\PF-EMI\.gradle\loom-cache\minecraftMaven\net\minecraft\minecraft-merged-8e0ff01f88\1.21.11-net.fabricmc.yarn.1_21_11.1.21.11+build.4-v2\minecraft-merged-8e0ff01f88-1.21.11-net.fabricmc.yarn.1_21_11.1.21.11+build.4-v2.jar
[Architectury Transformer DEBUG]  - C:\Users\Boston\.gradle\caches\modules-2\files-2.1\io.netty\netty-transport-native-epoll\4.2.7.Final\e83998bfc10b5289d9bcbe807c4079ef0eed8e6f\netty-transport-native-epoll-4.2.7.Final-linux-x86_64.jar
[Architectury Transformer DEBUG]  - C:\Users\Boston\.gradle\caches\modules-2\files-2.1\io.netty\netty-transport-native-epoll\4.2.7.Final\98d02251c98c8f07a23ac5ea27657d9e0ef57614\netty-transport-native-epoll-4.2.7.Final-linux-aarch_64.jar
[Architectury Transformer DEBUG]  - C:\Users\Boston\.gradle\caches\modules-2\files-2.1\io.netty\netty-transport-native-kqueue\4.2.7.Final\40868fd4e43bce2798245f790624b58803dc26b6\netty-transport-native-kqueue-4.2.7.Final-osx-x86_64.jar
[Architectury Transformer DEBUG]  - C:\Users\Boston\.gradle\caches\modules-2\files-2.1\io.netty\netty-transport-native-kqueue\4.2.7.Final\e5a0feef41410c8a5ae00c6cb4e0c99bd0aded6a\netty-transport-native-kqueue-4.2.7.Final-osx-aarch_64.jar
[Architectury Transformer DEBUG]  - C:\Users\Boston\.gradle\caches\modules-2\files-2.1\net.fabricmc\fabric-loader\0.19.3\354dfaa02d0552e11867f85dff7cdbfaf813ba3e\fabric-loader-0.19.3.jar
[Architectury Transformer DEBUG]  - C:\Users\Boston\Downloads\ProjectFlint sourceCode\PF-EMI\PF-EMI\.gradle\loom-cache\remapped_mods\remapped\mezz\jei\jei-1.21.11-fabric-4b5d3c0a\27.4.0.22\jei-1.21.11-fabric-4b5d3c0a-27.4.0.22.jar
[Architectury Transformer] Read classpath in 1.223 s
[Architectury Transformer DEBUG] Writing dev/emi/emi/VanillaPlugin$1 with maxs=true frames=true
[Architectury Transformer DEBUG] Writing dev/emi/emi/util/InheritanceMap with maxs=true frames=true
[Architectury Transformer DEBUG] Writing dev/emi/emi/stack/serializer/TagEmiIngredientSerializer with maxs=true frames=true
[Architectury Transformer DEBUG] Writing dev/emi/emi/stack/serializer/ListEmiIngredientSerializer with maxs=true frames=true
[Architectury Transformer DEBUG] Writing dev/emi/emi/stack/serializer/ItemEmiStackSerializer with maxs=true frames=true
[Architectury Transformer DEBUG] Writing dev/emi/emi/stack/serializer/FluidEmiStackSerializer with maxs=true frames=true
[Architectury Transformer DEBUG] Writing dev/emi/emi/search/TooltipQuery with maxs=true frames=true
[Architectury Transformer DEBUG] Writing dev/emi/emi/search/TagQuery with maxs=true frames=true
[Architectury Transformer DEBUG] Writing dev/emi/emi/search/SearchStack with maxs=true frames=true
[Architectury Transformer DEBUG] Writing dev/emi/emi/search/RegexTooltipQuery with maxs=true frames=true
[Architectury Transformer DEBUG] Writing dev/emi/emi/search/RegexTagQuery with maxs=true frames=true
[Architectury Transformer DEBUG] Writing dev/emi/emi/search/RegexNameQuery with maxs=true frames=true
[Architectury Transformer DEBUG] Writing dev/emi/emi/search/RegexModQuery with maxs=true frames=true
[Architectury Transformer DEBUG] Writing dev/emi/emi/search/QueryType with maxs=true frames=true
[Architectury Transformer DEBUG] Writing dev/emi/emi/search/Query with maxs=true frames=true
[Architectury Transformer DEBUG] Writing dev/emi/emi/search/NameQuery with maxs=true frames=true
[Architectury Transformer DEBUG] Writing dev/emi/emi/search/ModQuery with maxs=true frames=true
[Architectury Transformer DEBUG] Writing dev/emi/emi/search/LogicalOrQuery with maxs=true frames=true
[Architectury Transformer DEBUG] Writing dev/emi/emi/search/LogicalAndQuery with maxs=true frames=true
[Architectury Transformer DEBUG] Writing dev/emi/emi/search/EmiSearch with maxs=true frames=true
[Architectury Transformer DEBUG] Writing dev/emi/emi/search/EmiSearch$SearchWorker with maxs=true frames=true
[Architectury Transformer DEBUG] Writing dev/emi/emi/search/EmiSearch$CompiledQuery with maxs=true frames=true
[Architectury Transformer DEBUG] Writing dev/emi/emi/search/AliasQuery with maxs=true frames=true
[Architectury Transformer DEBUG] Writing dev/emi/emi/screen/WidgetGroup with maxs=true frames=true
[Architectury Transformer DEBUG] Writing dev/emi/emi/screen/WidgetGroup$1 with maxs=true frames=true
[Architectury Transformer DEBUG] Writing dev/emi/emi/screen/widget/SizedButtonWidget with maxs=true frames=true
[Architectury Transformer DEBUG] Writing dev/emi/emi/screen/widget/SidebarButtonWidget with maxs=true frames=true
[Architectury Transformer DEBUG] Writing dev/emi/emi/screen/widget/ResolutionButtonWidget with maxs=true frames=true
[Architectury Transformer DEBUG] Writing dev/emi/emi/screen/widget/EmiSearchWidget with maxs=true frames=true
[Architectury Transformer DEBUG] Writing dev/emi/emi/screen/widget/config/SubGroupNameWidget with maxs=true frames=true
[Architectury Transformer DEBUG] Writing dev/emi/emi/screen/widget/config/SidebarSubpanelsWidget with maxs=true frames=true
[Architectury Transformer DEBUG] Writing dev/emi/emi/screen/widget/config/SidebarPagesWidget with maxs=true frames=true
[Architectury Transformer DEBUG] Writing dev/emi/emi/screen/widget/config/ScreenAlignWidget with maxs=true frames=true
[Architectury Transformer DEBUG] Writing dev/emi/emi/screen/widget/config/ListWidget with maxs=true frames=true
[Architectury Transformer DEBUG] Writing dev/emi/emi/screen/widget/config/ListWidget$MoveDirection with maxs=true frames=true
[Architectury Transformer DEBUG] Writing dev/emi/emi/screen/widget/config/ListWidget$Entry with maxs=true frames=true
[Architectury Transformer DEBUG] Writing dev/emi/emi/screen/widget/config/IntWidget with maxs=true frames=true
[Architectury Transformer DEBUG] Writing dev/emi/emi/screen/widget/config/IntGroupWidget with maxs=true frames=true
[Architectury Transformer DEBUG] Writing dev/emi/emi/screen/widget/config/IntEdit with maxs=true frames=true
[Architectury Transformer DEBUG] Writing dev/emi/emi/screen/widget/config/GroupNameWidget with maxs=true frames=true
[Architectury Transformer DEBUG] Writing dev/emi/emi/screen/widget/config/EnumWidget with maxs=true frames=true
[Architectury Transformer DEBUG] Writing dev/emi/emi/screen/widget/config/EmiNameWidget with maxs=true frames=true
[Architectury Transformer DEBUG] Writing dev/emi/emi/screen/widget/config/EmiBindWidget with maxs=true frames=true
[Architectury Transformer DEBUG] Writing dev/emi/emi/screen/widget/config/ConfigSearch with maxs=true frames=true
[Architectury Transformer DEBUG] Writing dev/emi/emi/screen/widget/config/ConfigSearch$ConfigSearchWidgetField with maxs=true frames=true
[Architectury Transformer DEBUG] Writing dev/emi/emi/screen/widget/config/ConfigJumpButton with maxs=true frames=true
[Architectury Transformer DEBUG] Writing dev/emi/emi/screen/widget/config/ConfigEntryWidget with maxs=true frames=true
[Architectury Transformer DEBUG] Writing dev/emi/emi/screen/widget/config/BooleanWidget with maxs=true frames=true
[Architectury Transformer DEBUG] Writing dev/emi/emi/screen/tooltip/TagTooltipComponent with maxs=true frames=true
[Architectury Transformer DEBUG] Writing dev/emi/emi/screen/tooltip/RemainderTooltipComponent with maxs=true frames=true
[Architectury Transformer DEBUG] Writing dev/emi/emi/screen/tooltip/RemainderTooltipComponent$Remainder with maxs=true frames=true
[Architectury Transformer DEBUG] Writing dev/emi/emi/screen/tooltip/RecipeTooltipComponent with maxs=true frames=true
[Architectury Transformer DEBUG] Writing dev/emi/emi/screen/tooltip/RecipeCostTooltipComponent with maxs=true frames=true
[Architectury Transformer DEBUG] Writing dev/emi/emi/screen/tooltip/RecipeCostTooltipComponent$Node with maxs=true frames=true
[Architectury Transformer DEBUG] Writing dev/emi/emi/screen/tooltip/IngredientTooltipComponent with maxs=true frames=true
[Architectury Transformer DEBUG] Writing dev/emi/emi/screen/tooltip/EmiTooltipComponent with maxs=true frames=true
[Architectury Transformer DEBUG] Writing dev/emi/emi/screen/tooltip/EmiTooltipComponent$TooltipRenderData with maxs=true frames=true
[Architectury Transformer DEBUG] Writing dev/emi/emi/screen/tooltip/EmiTooltipComponent$TextRenderData with maxs=true frames=true
[Architectury Transformer DEBUG] Writing dev/emi/emi/screen/tooltip/EmiTooltip with maxs=true frames=true
[Architectury Transformer DEBUG] Writing dev/emi/emi/screen/tooltip/EmiTextTooltipWrapper with maxs=true frames=true
[Architectury Transformer DEBUG] Writing dev/emi/emi/screen/StackBatcher with maxs=true frames=true
[Architectury Transformer DEBUG] Writing dev/emi/emi/screen/StackBatcher$UnlitFacade with maxs=true frames=true
[Architectury Transformer DEBUG] Writing dev/emi/emi/screen/StackBatcher$UnlitFacade$Consumer with maxs=true frames=true
[Architectury Transformer DEBUG] Writing dev/emi/emi/screen/StackBatcher$ClaimedCollection with maxs=true frames=true
[Architectury Transformer DEBUG] Writing dev/emi/emi/screen/StackBatcher$BatcherVertexConsumerProvider with maxs=true frames=true
[Architectury Transformer DEBUG] Writing dev/emi/emi/screen/StackBatcher$Batchable with maxs=true frames=true
[Architectury Transformer DEBUG] Writing dev/emi/emi/screen/RecipeTab with maxs=true frames=true
[Architectury Transformer DEBUG] Writing dev/emi/emi/screen/RecipeScreen with maxs=true frames=true
[Architectury Transformer DEBUG] Writing dev/emi/emi/screen/RecipeScreen$1 with maxs=true frames=true
[Architectury Transformer DEBUG] Writing dev/emi/emi/screen/RecipeDisplay with maxs=true frames=true
[Architectury Transformer DEBUG] Writing dev/emi/emi/screen/RecipeDisplay$ButtonType with maxs=true frames=true
[Architectury Transformer DEBUG] Writing dev/emi/emi/screen/MicroTextRenderer with maxs=true frames=true
[Architectury Transformer DEBUG] Writing dev/emi/emi/screen/MicroTextRenderer$UnitScale with maxs=true frames=true
[Architectury Transformer DEBUG] Writing dev/emi/emi/screen/MicroTextRenderer$MicroChar with maxs=true frames=true
[Architectury Transformer DEBUG] Writing dev/emi/emi/screen/MicroTextRenderer$1 with maxs=true frames=true
[Architectury Transformer DEBUG] Writing dev/emi/emi/screen/EmiScreenManager with maxs=true frames=true
[Architectury Transformer DEBUG] Writing dev/emi/emi/screen/EmiScreenManager$SidebarPanel with maxs=true frames=true
[Architectury Transformer DEBUG] Writing dev/emi/emi/screen/EmiScreenManager$SidebarEmiStackInteraction with maxs=true frames=true
[Architectury Transformer DEBUG] Writing dev/emi/emi/screen/EmiScreenManager$ScreenSpace with maxs=true frames=true
[Architectury Transformer DEBUG] Writing dev/emi/emi/screen/EmiScreenManager$1 with maxs=true frames=true
[Architectury Transformer DEBUG] Writing dev/emi/emi/screen/EmiScreenBase with maxs=true frames=true
[Architectury Transformer DEBUG] Writing dev/emi/emi/screen/DisabledToast with maxs=true frames=true
[Architectury Transformer DEBUG] Writing dev/emi/emi/screen/ConfigScreen with maxs=true frames=true
[Architectury Transformer DEBUG] Writing dev/emi/emi/screen/ConfigScreen$Mutator with maxs=true frames=true
[Architectury Transformer DEBUG] Writing dev/emi/emi/screen/ConfigScreen$3 with maxs=true frames=true
[Architectury Transformer DEBUG] Writing dev/emi/emi/screen/ConfigScreen$2 with maxs=true frames=true
[Architectury Transformer DEBUG] Writing dev/emi/emi/screen/ConfigScreen$1 with maxs=true frames=true
[Architectury Transformer DEBUG] Writing dev/emi/emi/screen/ConfigPresetScreen with maxs=true frames=true
[Architectury Transformer DEBUG] Writing dev/emi/emi/screen/ConfigPresetScreen$PresetWidget with maxs=true frames=true
[Architectury Transformer DEBUG] Writing dev/emi/emi/screen/ConfigPresetScreen$PresetGroupWidget with maxs=true frames=true
[Architectury Transformer DEBUG] Writing dev/emi/emi/screen/ConfigEnumScreen with maxs=true frames=true
[Architectury Transformer DEBUG] Writing dev/emi/emi/screen/ConfigEnumScreen$SelectionWidget with maxs=true frames=true
[Architectury Transformer DEBUG] Writing dev/emi/emi/screen/ConfigEnumScreen$Entry with maxs=true frames=true
[Architectury Transformer DEBUG] Writing dev/emi/emi/screen/BoMScreen with maxs=true frames=true
[Architectury Transformer DEBUG] Writing dev/emi/emi/screen/BoMScreen$TreeVolume with maxs=true frames=true
[Architectury Transformer DEBUG] Writing dev/emi/emi/screen/BoMScreen$TreeVolume$Width with maxs=true frames=true
[Architectury Transformer DEBUG] Writing dev/emi/emi/screen/BoMScreen$Node with maxs=true frames=true
[Architectury Transformer DEBUG] Writing dev/emi/emi/screen/BoMScreen$Hover with maxs=true frames=true
[Architectury Transformer DEBUG] Writing dev/emi/emi/screen/BoMScreen$Cost with maxs=true frames=true
[Architectury Transformer DEBUG] Writing dev/emi/emi/runtime/EmiTagKey with maxs=true frames=true
[Architectury Transformer DEBUG] Writing dev/emi/emi/runtime/EmiSidebars with maxs=true frames=true
[Architectury Transformer DEBUG] Writing dev/emi/emi/runtime/EmiSidebars$1 with maxs=true frames=true
[Architectury Transformer DEBUG] Writing dev/emi/emi/runtime/EmiScreenshotRecorder with maxs=true frames=true
[Architectury Transformer DEBUG] Writing dev/emi/emi/runtime/EmiReloadManager with maxs=true frames=true
[Architectury Transformer DEBUG] Writing dev/emi/emi/runtime/EmiReloadManager$ReloadWorker with maxs=true frames=true
[Architectury Transformer DEBUG] Writing dev/emi/emi/runtime/EmiReloadLog with maxs=true frames=true
[Architectury Transformer DEBUG] Writing dev/emi/emi/runtime/EmiProfiler with maxs=true frames=true
[Architectury Transformer DEBUG] Writing dev/emi/emi/runtime/EmiPersistentData with maxs=true frames=true
[Architectury Transformer DEBUG] Writing dev/emi/emi/runtime/EmiLog with maxs=true frames=true
[Architectury Transformer DEBUG] Writing dev/emi/emi/runtime/EmiHistory with maxs=true frames=true
[Architectury Transformer DEBUG] Writing dev/emi/emi/runtime/EmiHidden with maxs=true frames=true
[Architectury Transformer DEBUG] Writing dev/emi/emi/runtime/EmiFavorites with maxs=true frames=true
[Architectury Transformer DEBUG] Writing dev/emi/emi/runtime/EmiFavorites$CompoundList with maxs=true frames=true
[Architectury Transformer DEBUG] Writing dev/emi/emi/runtime/EmiFavorite with maxs=true frames=true
[Architectury Transformer DEBUG] Writing dev/emi/emi/runtime/EmiFavorite$Synthetic with maxs=true frames=true
[Architectury Transformer DEBUG] Writing dev/emi/emi/runtime/EmiFavorite$Craftable with maxs=true frames=true
[Architectury Transformer DEBUG] Writing dev/emi/emi/runtime/EmiDrawContext with maxs=true frames=true
[Architectury Transformer DEBUG] Writing dev/emi/emi/runtime/dev/RecipeError with maxs=true frames=true
[Architectury Transformer DEBUG] Writing dev/emi/emi/runtime/dev/RecipeError$Severity with maxs=true frames=true
[Architectury Transformer DEBUG] Writing dev/emi/emi/runtime/dev/EmiDev with maxs=true frames=true
[Architectury Transformer DEBUG] Writing dev/emi/emi/registry/EmiTags with maxs=true frames=true
[Architectury Transformer DEBUG] Writing dev/emi/emi/registry/EmiStackProviders with maxs=true frames=true
[Architectury Transformer DEBUG] Writing dev/emi/emi/registry/EmiStackList with maxs=true frames=true
[Architectury Transformer DEBUG] Writing dev/emi/emi/registry/EmiStackList$StrictHashStrategy with maxs=true frames=true
[Architectury Transformer DEBUG] Writing dev/emi/emi/registry/EmiStackList$IndexGroup with maxs=true frames=true
[Architectury Transformer DEBUG] Writing dev/emi/emi/registry/EmiStackList$ComparisonHashStrategy with maxs=true frames=true
[Architectury Transformer DEBUG] Writing dev/emi/emi/registry/EmiRegistryImpl with maxs=true frames=true
[Architectury Transformer DEBUG] Writing dev/emi/emi/registry/EmiRecipeSorter with maxs=true frames=true
[Architectury Transformer DEBUG] Writing dev/emi/emi/registry/EmiRecipes with maxs=true frames=true
[Architectury Transformer DEBUG] Writing dev/emi/emi/registry/EmiRecipes$Worker with maxs=true frames=true
[Architectury Transformer DEBUG] Writing dev/emi/emi/registry/EmiRecipes$Manager with maxs=true frames=true
[Architectury Transformer DEBUG] Writing dev/emi/emi/registry/EmiRecipeFiller with maxs=true frames=true
[Architectury Transformer DEBUG] Writing dev/emi/emi/registry/EmiRecipeFiller$DiscoveredItem with maxs=true frames=true
[Architectury Transformer DEBUG] Writing dev/emi/emi/registry/EmiPluginContainer with maxs=true frames=true
[Architectury Transformer DEBUG] Writing dev/emi/emi/registry/EmiInitRegistryImpl with maxs=true frames=true
[Architectury Transformer DEBUG] Writing dev/emi/emi/registry/EmiIngredientSerializers with maxs=true frames=true
[Architectury Transformer DEBUG] Writing dev/emi/emi/registry/EmiExclusionAreas with maxs=true frames=true
[Architectury Transformer DEBUG] Writing dev/emi/emi/registry/EmiDragDropHandlers with maxs=true frames=true
[Architectury Transformer DEBUG] Writing dev/emi/emi/registry/EmiComparisonDefaults with maxs=true frames=true
[Architectury Transformer DEBUG] Writing dev/emi/emi/registry/EmiCommands with maxs=true frames=true
[Architectury Transformer DEBUG] Writing dev/emi/emi/recipe/special/EmiSuspiciousStewRecipe with maxs=true frames=true
[Architectury Transformer DEBUG] Writing dev/emi/emi/recipe/special/EmiSmithingTrimRecipe with maxs=true frames=true
[Architectury Transformer DEBUG] Writing dev/emi/emi/recipe/special/EmiRepairItemRecipe with maxs=true frames=true
[Architectury Transformer DEBUG] Writing dev/emi/emi/recipe/special/EmiMapCloningRecipe with maxs=true frames=true
[Architectury Transformer DEBUG] Writing dev/emi/emi/recipe/special/EmiGrindstoneDisenchantingRecipe with maxs=true frames=true
[Architectury Transformer DEBUG] Writing dev/emi/emi/recipe/special/EmiGrindstoneDisenchantingBookRecipe with maxs=true frames=true
[Architectury Transformer DEBUG] Writing dev/emi/emi/recipe/special/EmiFireworkStarRecipe with maxs=true frames=true
[Architectury Transformer DEBUG] Writing dev/emi/emi/recipe/special/EmiFireworkStarFadeRecipe with maxs=true frames=true
[Architectury Transformer DEBUG] Writing dev/emi/emi/recipe/special/EmiFireworkRocketRecipe with maxs=true frames=true
[Architectury Transformer DEBUG] Writing dev/emi/emi/recipe/special/EmiBookCloningRecipe with maxs=true frames=true
[Architectury Transformer DEBUG] Writing dev/emi/emi/recipe/special/EmiBookCloningRecipe$Template with maxs=true frames=true
[Architectury Transformer DEBUG] Writing dev/emi/emi/recipe/special/EmiBannerShieldRecipe with maxs=true frames=true
[Architectury Transformer DEBUG] Writing dev/emi/emi/recipe/special/EmiBannerDuplicateRecipe with maxs=true frames=true
[Architectury Transformer DEBUG] Writing dev/emi/emi/recipe/special/EmiArmorDyeRecipe with maxs=true frames=true
[Architectury Transformer DEBUG] Writing dev/emi/emi/recipe/special/EmiAnvilRepairItemRecipe with maxs=true frames=true
[Architectury Transformer DEBUG] Writing dev/emi/emi/recipe/special/EmiAnvilEnchantRecipe with maxs=true frames=true
[Architectury Transformer DEBUG] Writing dev/emi/emi/recipe/EmiTransmuteRecipe with maxs=true frames=true
[Architectury Transformer DEBUG] Writing dev/emi/emi/recipe/EmiTagRecipe with maxs=true frames=true
[Architectury Transformer DEBUG] Writing dev/emi/emi/recipe/EmiSyntheticIngredientRecipe with maxs=true frames=true
[Architectury Transformer DEBUG] Writing dev/emi/emi/recipe/EmiStonecuttingRecipe with maxs=true frames=true
[Architectury Transformer DEBUG] Writing dev/emi/emi/recipe/EmiSmithingRecipe with maxs=true frames=true
[Architectury Transformer DEBUG] Writing dev/emi/emi/recipe/EmiShapelessRecipe with maxs=true frames=true
[Architectury Transformer DEBUG] Writing dev/emi/emi/recipe/EmiShapedRecipe with maxs=true frames=true
[Architectury Transformer DEBUG] Writing dev/emi/emi/recipe/EmiGrindstoneRecipe with maxs=true frames=true
[Architectury Transformer DEBUG] Writing dev/emi/emi/recipe/EmiFuelRecipe with maxs=true frames=true
[Architectury Transformer DEBUG] Writing dev/emi/emi/recipe/EmiCookingRecipe with maxs=true frames=true
[Architectury Transformer DEBUG] Writing dev/emi/emi/recipe/EmiCompostingRecipe with maxs=true frames=true
[Architectury Transformer DEBUG] Writing dev/emi/emi/recipe/EmiBrewingRecipe with maxs=true frames=true
[Architectury Transformer DEBUG] Writing dev/emi/emi/recipe/EmiAnvilRecipe with maxs=true frames=true
[Architectury Transformer DEBUG] Writing dev/emi/emi/platform/EmiMain with maxs=true frames=true
[Architectury Transformer DEBUG] Writing dev/emi/emi/platform/EmiClient with maxs=true frames=true
[Architectury Transformer DEBUG] Writing dev/emi/emi/platform/EmiAgnos with maxs=true frames=true
[Architectury Transformer DEBUG] Writing dev/emi/emi/network/PingS2CPacket with maxs=true frames=true
[Architectury Transformer DEBUG] Writing dev/emi/emi/network/FillRecipeC2SPacket with maxs=true frames=true
[Architectury Transformer DEBUG] Writing dev/emi/emi/network/EmiPacket with maxs=true frames=true
[Architectury Transformer DEBUG] Writing dev/emi/emi/network/EmiNetwork with maxs=true frames=true
[Architectury Transformer DEBUG] Writing dev/emi/emi/network/EmiChessPacket with maxs=true frames=true
[Architectury Transformer DEBUG] Writing dev/emi/emi/network/EmiChessPacket$S2C with maxs=true frames=true
[Architectury Transformer DEBUG] Writing dev/emi/emi/network/EmiChessPacket$C2S with maxs=true frames=true
[Architectury Transformer DEBUG] Writing dev/emi/emi/network/CreateItemC2SPacket with maxs=true frames=true
[Architectury Transformer DEBUG] Writing dev/emi/emi/network/CommandS2CPacket with maxs=true frames=true
[Architectury Transformer DEBUG] Writing dev/emi/emi/mixinsupport/MixinPlaceholder with maxs=true frames=true
[Architectury Transformer DEBUG] Writing dev/emi/emi/mixinsupport/EmiMixinTransformation with maxs=true frames=true
[Architectury Transformer DEBUG] Writing dev/emi/emi/mixinsupport/EmiMixinPlugin with maxs=true frames=true
[Architectury Transformer DEBUG] Writing dev/emi/emi/mixinsupport/EmiMixinPlugin$InvokeTargetInfo with maxs=true frames=true
[Architectury Transformer DEBUG] Writing dev/emi/emi/mixinsupport/annotation/Transform with maxs=true frames=true
[Architectury Transformer DEBUG] Writing dev/emi/emi/mixinsupport/annotation/StripConstructors with maxs=true frames=true
[Architectury Transformer DEBUG] Writing dev/emi/emi/mixinsupport/annotation/InvokeTarget with maxs=true frames=true
[Architectury Transformer DEBUG] Writing dev/emi/emi/mixinsupport/annotation/Extends with maxs=true frames=true
[Architectury Transformer DEBUG] Writing dev/emi/emi/mixinsupport/annotation/AdditionalField with maxs=true frames=true
[Architectury Transformer DEBUG] Writing dev/emi/emi/mixin/ToastManagerMixin with maxs=true frames=true
[Architectury Transformer DEBUG] Writing dev/emi/emi/mixin/StatusEffectsDisplayMixin with maxs=true frames=true
[Architectury Transformer DEBUG] Writing dev/emi/emi/mixin/StatusEffectsDisplayMixin$1 with maxs=true frames=true
[Architectury Transformer DEBUG] Writing dev/emi/emi/mixin/ScreenMixin with maxs=true frames=true
[Architectury Transformer DEBUG] Writing dev/emi/emi/mixin/RecipeBookWidgetMixin with maxs=true frames=true
[Architectury Transformer DEBUG] Writing dev/emi/emi/mixin/MouseMixin with maxs=true frames=true
[Architectury Transformer DEBUG] Writing dev/emi/emi/mixin/MinecraftClientMixin with maxs=true frames=true
[Architectury Transformer DEBUG] Writing dev/emi/emi/mixin/KeyboardMixin with maxs=true frames=true
[Architectury Transformer DEBUG] Writing dev/emi/emi/mixin/jei/PluginCallerMixin with maxs=true frames=true
[Architectury Transformer DEBUG] Writing dev/emi/emi/mixin/ItemStackMixin with maxs=true frames=true
[Architectury Transformer DEBUG] Writing dev/emi/emi/mixin/HoeItemMixin with maxs=true frames=true
[Architectury Transformer DEBUG] Writing dev/emi/emi/mixin/HandledScreenMixin with maxs=true frames=true
[Architectury Transformer DEBUG] Writing dev/emi/emi/mixin/DrawContextMixin with maxs=true frames=true
[Architectury Transformer DEBUG] Writing dev/emi/emi/mixin/CraftingResultSlotMixin with maxs=true frames=true
[Architectury Transformer DEBUG] Writing dev/emi/emi/mixin/conversion/ItemStackMixin with maxs=true frames=true
[Architectury Transformer DEBUG] Writing dev/emi/emi/mixin/conversion/ItemConvertibleMixin with maxs=true frames=true
[Architectury Transformer DEBUG] Writing dev/emi/emi/mixin/conversion/FluidMixin with maxs=true frames=true
[Architectury Transformer DEBUG] Writing dev/emi/emi/mixin/accessor/SmithingTrimRecipeAccessor with maxs=true frames=true
[Architectury Transformer DEBUG] Writing dev/emi/emi/mixin/accessor/SmithingTransformRecipeAccessor with maxs=true frames=true
[Architectury Transformer DEBUG] Writing dev/emi/emi/mixin/accessor/ShovelItemAccessor with maxs=true frames=true
[Architectury Transformer DEBUG] Writing dev/emi/emi/mixin/accessor/OrderedTextTooltipComponentAccessor with maxs=true frames=true
[Architectury Transformer DEBUG] Writing dev/emi/emi/mixin/accessor/ItemRendererAccessor with maxs=true frames=true
[Architectury Transformer DEBUG] Writing dev/emi/emi/mixin/accessor/HoeItemAccessor with maxs=true frames=true
[Architectury Transformer DEBUG] Writing dev/emi/emi/mixin/accessor/HandledScreenAccessor with maxs=true frames=true
[Architectury Transformer DEBUG] Writing dev/emi/emi/mixin/accessor/DrawContextAccessor with maxs=true frames=true
[Architectury Transformer DEBUG] Writing dev/emi/emi/mixin/accessor/CraftingResultSlotAccessor with maxs=true frames=true
[Architectury Transformer DEBUG] Writing dev/emi/emi/mixin/accessor/BrewingRecipeRegistryAccessor with maxs=true frames=true
[Architectury Transformer DEBUG] Writing dev/emi/emi/mixin/accessor/BakedModelManagerAccessor with maxs=true frames=true
[Architectury Transformer DEBUG] Writing dev/emi/emi/mixin/accessor/AxeItemAccessor with maxs=true frames=true
[Architectury Transformer DEBUG] Writing dev/emi/emi/jemi/widget/JemiTankWidget with maxs=true frames=true
[Architectury Transformer DEBUG] Writing dev/emi/emi/jemi/widget/JemiSlotWidget with maxs=true frames=true
[Architectury Transformer DEBUG] Writing dev/emi/emi/jemi/runtime/JemiRecipesGui with maxs=true frames=true
[Architectury Transformer DEBUG] Writing dev/emi/emi/jemi/runtime/JemiIngredientListOverlay with maxs=true frames=true
[Architectury Transformer DEBUG] Writing dev/emi/emi/jemi/runtime/JemiIngredientFilter with maxs=true frames=true
[Architectury Transformer DEBUG] Writing dev/emi/emi/jemi/runtime/JemiDragDropHandler with maxs=true frames=true
[Architectury Transformer DEBUG] Writing dev/emi/emi/jemi/runtime/JemiBookmarkOverlay with maxs=true frames=true
[Architectury Transformer DEBUG] Writing dev/emi/emi/jemi/JemiUtil with maxs=true frames=true
[Architectury Transformer DEBUG] Writing dev/emi/emi/jemi/JemiStackSerializer with maxs=true frames=true
[Architectury Transformer DEBUG] Writing dev/emi/emi/jemi/JemiStack with maxs=true frames=true
[Architectury Transformer DEBUG] Writing dev/emi/emi/jemi/JemiRecipeHandler with maxs=true frames=true
[Architectury Transformer DEBUG] Writing dev/emi/emi/jemi/JemiRecipe with maxs=true frames=true
[Architectury Transformer DEBUG] Writing dev/emi/emi/jemi/JemiRecipe$JemiWidget with maxs=true frames=true
[Architectury Transformer DEBUG] Writing dev/emi/emi/jemi/JemiPlugin with maxs=true frames=true
[Architectury Transformer DEBUG] Writing dev/emi/emi/jemi/JemiPlugin$1 with maxs=true frames=true
[Architectury Transformer DEBUG] Writing dev/emi/emi/jemi/JemiCategory with maxs=true frames=true
[Architectury Transformer DEBUG] Writing dev/emi/emi/jemi/impl/JemiTooltipBuilder with maxs=true frames=true
[Architectury Transformer DEBUG] Writing dev/emi/emi/jemi/impl/JemiRecipeSlotsView with maxs=true frames=true
[Architectury Transformer DEBUG] Writing dev/emi/emi/jemi/impl/JemiRecipeSlotDrawablesView with maxs=true frames=true
[Architectury Transformer DEBUG] Writing dev/emi/emi/jemi/impl/JemiRecipeSlotDrawable with maxs=true frames=true
[Architectury Transformer DEBUG] Writing dev/emi/emi/jemi/impl/JemiRecipeSlotBuilder with maxs=true frames=true
[Architectury Transformer DEBUG] Writing dev/emi/emi/jemi/impl/JemiRecipeSlot with maxs=true frames=true
[Architectury Transformer DEBUG] Writing dev/emi/emi/jemi/impl/JemiRecipeSlot$TankInfo with maxs=true frames=true
[Architectury Transformer DEBUG] Writing dev/emi/emi/jemi/impl/JemiRecipeSlot$OffsetDrawable with maxs=true frames=true
[Architectury Transformer DEBUG] Writing dev/emi/emi/jemi/impl/JemiRecipeSlot$IngredientRenderer with maxs=true frames=true
[Architectury Transformer DEBUG] Writing dev/emi/emi/jemi/impl/JemiRecipeLayoutBuilder with maxs=true frames=true
[Architectury Transformer DEBUG] Writing dev/emi/emi/jemi/impl/JemiIngredientAcceptor with maxs=true frames=true
[Architectury Transformer DEBUG] Writing dev/emi/emi/jemi/impl/extras/JemiWidgetBuilder with maxs=true frames=true
[Architectury Transformer DEBUG] Writing dev/emi/emi/jemi/impl/extras/JemiWidgetBuilder$WidgetConstructor with maxs=true frames=true
[Architectury Transformer DEBUG] Writing dev/emi/emi/jemi/impl/extras/JemiTextWidget with maxs=true frames=true
[Architectury Transformer DEBUG] Writing dev/emi/emi/jemi/impl/extras/JemiScrollGridWidget with maxs=true frames=true
[Architectury Transformer DEBUG] Writing dev/emi/emi/jemi/impl/extras/JemiScrollBoxWidget with maxs=true frames=true
[Architectury Transformer DEBUG] Writing dev/emi/emi/jemi/impl/extras/JemiRecipeExtrasBuilder with maxs=true frames=true
[Architectury Transformer DEBUG] Writing dev/emi/emi/jemi/impl/extras/JemiPlaceable with maxs=true frames=true
[Architectury Transformer DEBUG] Writing dev/emi/emi/input/EmiInput with maxs=true frames=true
[Architectury Transformer DEBUG] Writing dev/emi/emi/input/EmiBind with maxs=true frames=true
[Architectury Transformer DEBUG] Writing dev/emi/emi/input/EmiBind$ModifiedKey with maxs=true frames=true
[Architectury Transformer DEBUG] Writing dev/emi/emi/handler/StonecuttingRecipeHandler with maxs=true frames=true
[Architectury Transformer DEBUG] Writing dev/emi/emi/handler/InventoryRecipeHandler with maxs=true frames=true
[Architectury Transformer DEBUG] Writing dev/emi/emi/handler/CraftingRecipeHandler with maxs=true frames=true
[Architectury Transformer DEBUG] Writing dev/emi/emi/handler/CookingRecipeHandler with maxs=true frames=true
[Architectury Transformer DEBUG] Writing dev/emi/emi/handler/CoercedRecipeHandler with maxs=true frames=true
[Architectury Transformer DEBUG] Writing dev/emi/emi/EmiUtil with maxs=true frames=true
[Architectury Transformer DEBUG] Writing dev/emi/emi/EmiUtil$1 with maxs=true frames=true
[Architectury Transformer DEBUG] Writing dev/emi/emi/EmiRenderHelper with maxs=true frames=true
[Architectury Transformer DEBUG] Writing dev/emi/emi/EmiRenderHelper$1 with maxs=true frames=true
[Architectury Transformer DEBUG] Writing dev/emi/emi/EmiPort with maxs=true frames=true
[Architectury Transformer DEBUG] Writing dev/emi/emi/data/TagExclusions with maxs=true frames=true
[Architectury Transformer DEBUG] Writing dev/emi/emi/data/RecipeDefaults with maxs=true frames=true
[Architectury Transformer DEBUG] Writing dev/emi/emi/data/RecipeDefaults$Tag with maxs=true frames=true
[Architectury Transformer DEBUG] Writing dev/emi/emi/data/RecipeDefaults$Resolution with maxs=true frames=true
[Architectury Transformer DEBUG] Writing dev/emi/emi/data/RecipeDefaultLoader with maxs=true frames=true
[Architectury Transformer DEBUG] Writing dev/emi/emi/data/IndexStackData with maxs=true frames=true
[Architectury Transformer DEBUG] Writing dev/emi/emi/data/IndexStackData$Filter with maxs=true frames=true
[Architectury Transformer DEBUG] Writing dev/emi/emi/data/IndexStackData$Added with maxs=true frames=true
[Architectury Transformer DEBUG] Writing dev/emi/emi/data/EmiTagExclusionsLoader with maxs=true frames=true
[Architectury Transformer DEBUG] Writing dev/emi/emi/data/EmiResourceReloadListener with maxs=true frames=true
[Architectury Transformer DEBUG] Writing dev/emi/emi/data/EmiRecipeCategoryProperties with maxs=true frames=true
[Architectury Transformer DEBUG] Writing dev/emi/emi/data/EmiDataLoader with maxs=true frames=true
[Architectury Transformer DEBUG] Writing dev/emi/emi/data/EmiDataLoader$DataConsumer with maxs=true frames=true
[Architectury Transformer DEBUG] Writing dev/emi/emi/data/EmiData with maxs=true frames=true
[Architectury Transformer DEBUG] Writing dev/emi/emi/data/EmiAlias with maxs=true frames=true
[Architectury Transformer DEBUG] Writing dev/emi/emi/data/EmiAlias$Baked with maxs=true frames=true
[Architectury Transformer DEBUG] Writing dev/emi/emi/config/SidebarType with maxs=true frames=true
[Architectury Transformer DEBUG] Writing dev/emi/emi/config/SidebarTheme with maxs=true frames=true
[Architectury Transformer DEBUG] Writing dev/emi/emi/config/SidebarSubpanels with maxs=true frames=true
[Architectury Transformer DEBUG] Writing dev/emi/emi/config/SidebarSubpanels$Subpanel with maxs=true frames=true
[Architectury Transformer DEBUG] Writing dev/emi/emi/config/SidebarSide with maxs=true frames=true
[Architectury Transformer DEBUG] Writing dev/emi/emi/config/SidebarSettings with maxs=true frames=true
[Architectury Transformer DEBUG] Writing dev/emi/emi/config/SidebarPages with maxs=true frames=true
[Architectury Transformer DEBUG] Writing dev/emi/emi/config/SidebarPages$SidebarPage with maxs=true frames=true
[Architectury Transformer DEBUG] Writing dev/emi/emi/config/ScreenAlign with maxs=true frames=true
[Architectury Transformer DEBUG] Writing dev/emi/emi/config/ScreenAlign$Vertical with maxs=true frames=true
[Architectury Transformer DEBUG] Writing dev/emi/emi/config/ScreenAlign$Horizontal with maxs=true frames=true
[Architectury Transformer DEBUG] Writing dev/emi/emi/config/RecipeBookAction with maxs=true frames=true
[Architectury Transformer DEBUG] Writing dev/emi/emi/config/Margins with maxs=true frames=true
[Architectury Transformer DEBUG] Writing dev/emi/emi/config/IntGroup with maxs=true frames=true
[Architectury Transformer DEBUG] Writing dev/emi/emi/config/IndexSource with maxs=true frames=true
[Architectury Transformer DEBUG] Writing dev/emi/emi/config/HelpLevel with maxs=true frames=true
[Architectury Transformer DEBUG] Writing dev/emi/emi/config/HeaderType with maxs=true frames=true
[Architectury Transformer DEBUG] Writing dev/emi/emi/config/FluidUnit with maxs=true frames=true
[Architectury Transformer DEBUG] Writing dev/emi/emi/config/EmiConfig with maxs=true frames=true
[Architectury Transformer DEBUG] Writing dev/emi/emi/config/EmiConfig$Writer with maxs=true frames=true
[Architectury Transformer DEBUG] Writing dev/emi/emi/config/EmiConfig$Setter with maxs=true frames=true
[Architectury Transformer DEBUG] Writing dev/emi/emi/config/EmiConfig$MultiWriter with maxs=true frames=true
[Architectury Transformer DEBUG] Writing dev/emi/emi/config/EmiConfig$ConfigValue with maxs=true frames=true
[Architectury Transformer DEBUG] Writing dev/emi/emi/config/EmiConfig$ConfigGroupEnd with maxs=true frames=true
[Architectury Transformer DEBUG] Writing dev/emi/emi/config/EmiConfig$ConfigGroup with maxs=true frames=true
[Architectury Transformer DEBUG] Writing dev/emi/emi/config/EmiConfig$ConfigFilter with maxs=true frames=true
[Architectury Transformer DEBUG] Writing dev/emi/emi/config/EmiConfig$Comment with maxs=true frames=true
[Architectury Transformer DEBUG] Writing dev/emi/emi/config/EmiConfig$1 with maxs=true frames=true
[Architectury Transformer DEBUG] Writing dev/emi/emi/config/EffectLocation with maxs=true frames=true
[Architectury Transformer DEBUG] Writing dev/emi/emi/config/ConfigPresets with maxs=true frames=true
[Architectury Transformer DEBUG] Writing dev/emi/emi/config/ConfigEnum with maxs=true frames=true
[Architectury Transformer DEBUG] Writing dev/emi/emi/config/CheatMode with maxs=true frames=true
[Architectury Transformer DEBUG] Writing dev/emi/emi/config/ButtonVisibility with maxs=true frames=true
[Architectury Transformer DEBUG] Writing dev/emi/emi/com/unascribed/qdcss/QDCSS with maxs=true frames=true
[Architectury Transformer DEBUG] Writing dev/emi/emi/com/unascribed/qdcss/QDCSS$SyntaxErrorException with maxs=true frames=true
[Architectury Transformer DEBUG] Writing dev/emi/emi/com/unascribed/qdcss/QDCSS$QDCSSException with maxs=true frames=true
[Architectury Transformer DEBUG] Writing dev/emi/emi/com/unascribed/qdcss/QDCSS$BlameString with maxs=true frames=true
[Architectury Transformer DEBUG] Writing dev/emi/emi/com/unascribed/qdcss/QDCSS$BadValueException with maxs=true frames=true
[Architectury Transformer DEBUG] Writing dev/emi/emi/com/unascribed/qdcss/QDCSS$3 with maxs=true frames=true
[Architectury Transformer DEBUG] Writing dev/emi/emi/com/unascribed/qdcss/QDCSS$3$1 with maxs=true frames=true
[Architectury Transformer DEBUG] Writing dev/emi/emi/com/unascribed/qdcss/QDCSS$3$1$1 with maxs=true frames=true
[Architectury Transformer DEBUG] Writing dev/emi/emi/com/unascribed/qdcss/QDCSS$2 with maxs=true frames=true
[Architectury Transformer DEBUG] Writing dev/emi/emi/com/unascribed/qdcss/QDCSS$2$1 with maxs=true frames=true
[Architectury Transformer DEBUG] Writing dev/emi/emi/com/unascribed/qdcss/QDCSS$1 with maxs=true frames=true
[Architectury Transformer DEBUG] Writing dev/emi/emi/chess/StandardMoveGenerator with maxs=true frames=true
[Architectury Transformer DEBUG] Writing dev/emi/emi/chess/StandardMoveGenerator$Worker with maxs=true frames=true
[Architectury Transformer DEBUG] Writing dev/emi/emi/chess/RandomMoveGenerator with maxs=true frames=true
[Architectury Transformer DEBUG] Writing dev/emi/emi/chess/PieceType with maxs=true frames=true
[Architectury Transformer DEBUG] Writing dev/emi/emi/chess/PieceColor with maxs=true frames=true
[Architectury Transformer DEBUG] Writing dev/emi/emi/chess/NetworkedMoveGenerator with maxs=true frames=true
[Architectury Transformer DEBUG] Writing dev/emi/emi/chess/MoveGenerator with maxs=true frames=true
[Architectury Transformer DEBUG] Writing dev/emi/emi/chess/EmiChess with maxs=true frames=true
[Architectury Transformer DEBUG] Writing dev/emi/emi/chess/ChessTooltipComponent with maxs=true frames=true
[Architectury Transformer DEBUG] Writing dev/emi/emi/chess/ChessPiece with maxs=true frames=true
[Architectury Transformer DEBUG] Writing dev/emi/emi/chess/ChessMove with maxs=true frames=true
[Architectury Transformer DEBUG] Writing dev/emi/emi/chess/ChessEvaluation with maxs=true frames=true
[Architectury Transformer DEBUG] Writing dev/emi/emi/chess/ChessEvaluation$1 with maxs=true frames=true
[Architectury Transformer DEBUG] Writing dev/emi/emi/chess/ChessEmiStack with maxs=true frames=true
[Architectury Transformer DEBUG] Writing dev/emi/emi/chess/ChessBoard with maxs=true frames=true
[Architectury Transformer DEBUG] Writing dev/emi/emi/chess/ChessBoard$1 with maxs=true frames=true
[Architectury Transformer DEBUG] Writing dev/emi/emi/bom/TreeCost with maxs=true frames=true
[Architectury Transformer DEBUG] Writing dev/emi/emi/bom/ProgressState with maxs=true frames=true
[Architectury Transformer DEBUG] Writing dev/emi/emi/bom/MaterialTree with maxs=true frames=true
[Architectury Transformer DEBUG] Writing dev/emi/emi/bom/MaterialNode with maxs=true frames=true
[Architectury Transformer DEBUG] Writing dev/emi/emi/bom/FractionalMaterialCost with maxs=true frames=true
[Architectury Transformer DEBUG] Writing dev/emi/emi/bom/FoldState with maxs=true frames=true
[Architectury Transformer DEBUG] Writing dev/emi/emi/bom/FlatMaterialCost with maxs=true frames=true
[Architectury Transformer DEBUG] Writing dev/emi/emi/bom/ChanceState with maxs=true frames=true
[Architectury Transformer DEBUG] Writing dev/emi/emi/bom/ChanceMaterialCost with maxs=true frames=true
[Architectury Transformer DEBUG] Writing dev/emi/emi/bom/BoM with maxs=true frames=true
[Architectury Transformer DEBUG] Writing dev/emi/emi/bom/BoM$DefaultStatus with maxs=true frames=true
[Architectury Transformer DEBUG] Writing dev/emi/emi/api/widget/WidgetTooltipHolder with maxs=true frames=true
[Architectury Transformer DEBUG] Writing dev/emi/emi/api/widget/WidgetHolder with maxs=true frames=true
[Architectury Transformer DEBUG] Writing dev/emi/emi/api/widget/Widget with maxs=true frames=true
[Architectury Transformer DEBUG] Writing dev/emi/emi/api/widget/TooltipWidget with maxs=true frames=true
[Architectury Transformer DEBUG] Writing dev/emi/emi/api/widget/TextWidget with maxs=true frames=true
[Architectury Transformer DEBUG] Writing dev/emi/emi/api/widget/TextWidget$Alignment with maxs=true frames=true
[Architectury Transformer DEBUG] Writing dev/emi/emi/api/widget/TextureWidget with maxs=true frames=true
[Architectury Transformer DEBUG] Writing dev/emi/emi/api/widget/TankWidget with maxs=true frames=true
[Architectury Transformer DEBUG] Writing dev/emi/emi/api/widget/SlotWidget with maxs=true frames=true
[Architectury Transformer DEBUG] Writing dev/emi/emi/api/widget/RecipeFillButtonWidget with maxs=true frames=true
[Architectury Transformer DEBUG] Writing dev/emi/emi/api/widget/GeneratedSlotWidget with maxs=true frames=true
[Architectury Transformer DEBUG] Writing dev/emi/emi/api/widget/FillingArrowWidget with maxs=true frames=true
[Architectury Transformer DEBUG] Writing dev/emi/emi/api/widget/DrawableWidget with maxs=true frames=true
[Architectury Transformer DEBUG] Writing dev/emi/emi/api/widget/DrawableWidget$DrawableWidgetConsumer with maxs=true frames=true
[Architectury Transformer DEBUG] Writing dev/emi/emi/api/widget/ButtonWidget with maxs=true frames=true
[Architectury Transformer DEBUG] Writing dev/emi/emi/api/widget/ButtonWidget$ClickAction with maxs=true frames=true
[Architectury Transformer DEBUG] Writing dev/emi/emi/api/widget/Bounds with maxs=true frames=true
[Architectury Transformer DEBUG] Writing dev/emi/emi/api/widget/AnimatedTextureWidget with maxs=true frames=true
[Architectury Transformer DEBUG] Writing dev/emi/emi/api/stack/TagEmiIngredient with maxs=true frames=true
[Architectury Transformer DEBUG] Writing dev/emi/emi/api/stack/serializer/EmiStackSerializer with maxs=true frames=true
[Architectury Transformer DEBUG] Writing dev/emi/emi/api/stack/serializer/EmiIngredientSerializer with maxs=true frames=true
[Architectury Transformer DEBUG] Writing dev/emi/emi/api/stack/ListEmiIngredient with maxs=true frames=true
[Architectury Transformer DEBUG] Writing dev/emi/emi/api/stack/ItemEmiStack with maxs=true frames=true
[Architectury Transformer DEBUG] Writing dev/emi/emi/api/stack/ItemEmiStack$ItemEntry with maxs=true frames=true
[Architectury Transformer DEBUG] Writing dev/emi/emi/api/stack/FluidEmiStack with maxs=true frames=true
[Architectury Transformer DEBUG] Writing dev/emi/emi/api/stack/FluidEmiStack$FluidEntry with maxs=true frames=true
[Architectury Transformer DEBUG] Writing dev/emi/emi/api/stack/EmptyEmiStack with maxs=true frames=true
[Architectury Transformer DEBUG] Writing dev/emi/emi/api/stack/EmptyEmiStack$EmptyEntry with maxs=true frames=true
[Architectury Transformer DEBUG] Writing dev/emi/emi/api/stack/EmiStackInteraction with maxs=true frames=true
[Architectury Transformer DEBUG] Writing dev/emi/emi/api/stack/EmiStackConvertible with maxs=true frames=true
[Architectury Transformer DEBUG] Writing dev/emi/emi/api/stack/EmiStack with maxs=true frames=true
[Architectury Transformer DEBUG] Writing dev/emi/emi/api/stack/EmiStack$Entry with maxs=true frames=true
[Architectury Transformer DEBUG] Writing dev/emi/emi/api/stack/EmiRegistryAdapter with maxs=true frames=true
[Architectury Transformer DEBUG] Writing dev/emi/emi/api/stack/EmiRegistryAdapter$StackConstructor with maxs=true frames=true
[Architectury Transformer DEBUG] Writing dev/emi/emi/api/stack/EmiRegistryAdapter$1 with maxs=true frames=true
[Architectury Transformer DEBUG] Writing dev/emi/emi/api/stack/EmiIngredient with maxs=true frames=true
[Architectury Transformer DEBUG] Writing dev/emi/emi/api/stack/Comparison with maxs=true frames=true
[Architectury Transformer DEBUG] Writing dev/emi/emi/api/stack/Comparison$Predicate with maxs=true frames=true
[Architectury Transformer DEBUG] Writing dev/emi/emi/api/stack/Comparison$HashFunction with maxs=true frames=true
[Architectury Transformer DEBUG] Writing dev/emi/emi/api/stack/Comparison$Builder with maxs=true frames=true
[Architectury Transformer DEBUG] Writing dev/emi/emi/api/render/EmiTooltipMetadata with maxs=true frames=true
[Architectury Transformer DEBUG] Writing dev/emi/emi/api/render/EmiTooltipComponents with maxs=true frames=true
[Architectury Transformer DEBUG] Writing dev/emi/emi/api/render/EmiTexture with maxs=true frames=true
[Architectury Transformer DEBUG] Writing dev/emi/emi/api/render/EmiRenderable with maxs=true frames=true
[Architectury Transformer DEBUG] Writing dev/emi/emi/api/render/EmiRender with maxs=true frames=true
[Architectury Transformer DEBUG] Writing dev/emi/emi/api/recipe/VanillaEmiRecipeCategories with maxs=true frames=true
[Architectury Transformer DEBUG] Writing dev/emi/emi/api/recipe/handler/StandardRecipeHandler with maxs=true frames=true
[Architectury Transformer DEBUG] Writing dev/emi/emi/api/recipe/handler/StandardRecipeHandler$1 with maxs=true frames=true
[Architectury Transformer DEBUG] Writing dev/emi/emi/api/recipe/handler/EmiRecipeHandler with maxs=true frames=true
[Architectury Transformer DEBUG] Writing dev/emi/emi/api/recipe/handler/EmiCraftContext with maxs=true frames=true
[Architectury Transformer DEBUG] Writing dev/emi/emi/api/recipe/handler/EmiCraftContext$Type with maxs=true frames=true
[Architectury Transformer DEBUG] Writing dev/emi/emi/api/recipe/handler/EmiCraftContext$Destination with maxs=true frames=true
[Architectury Transformer DEBUG] Writing dev/emi/emi/api/recipe/EmiWorldInteractionRecipe with maxs=true frames=true
[Architectury Transformer DEBUG] Writing dev/emi/emi/api/recipe/EmiWorldInteractionRecipe$WorldIngredient with maxs=true frames=true
[Architectury Transformer DEBUG] Writing dev/emi/emi/api/recipe/EmiWorldInteractionRecipe$Builder with maxs=true frames=true
[Architectury Transformer DEBUG] Writing dev/emi/emi/api/recipe/EmiResolutionRecipe with maxs=true frames=true
[Architectury Transformer DEBUG] Writing dev/emi/emi/api/recipe/EmiRecipeSorting with maxs=true frames=true
[Architectury Transformer DEBUG] Writing dev/emi/emi/api/recipe/EmiRecipeManager with maxs=true frames=true
[Architectury Transformer DEBUG] Writing dev/emi/emi/api/recipe/EmiRecipeDecorator with maxs=true frames=true
[Architectury Transformer DEBUG] Writing dev/emi/emi/api/recipe/EmiRecipeCategory with maxs=true frames=true
[Architectury Transformer DEBUG] Writing dev/emi/emi/api/recipe/EmiRecipe with maxs=true frames=true
[Architectury Transformer DEBUG] Writing dev/emi/emi/api/recipe/EmiPlayerInventory with maxs=true frames=true
[Architectury Transformer DEBUG] Writing dev/emi/emi/api/recipe/EmiPatternCraftingRecipe with maxs=true frames=true
[Architectury Transformer DEBUG] Writing dev/emi/emi/api/recipe/EmiIngredientRecipe with maxs=true frames=true
[Architectury Transformer DEBUG] Writing dev/emi/emi/api/recipe/EmiIngredientRecipe$PageSlotWidget with maxs=true frames=true
[Architectury Transformer DEBUG] Writing dev/emi/emi/api/recipe/EmiIngredientRecipe$PageManager with maxs=true frames=true
[Architectury Transformer DEBUG] Writing dev/emi/emi/api/recipe/EmiInfoRecipe with maxs=true frames=true
[Architectury Transformer DEBUG] Writing dev/emi/emi/api/recipe/EmiInfoRecipe$PageManager with maxs=true frames=true
[Architectury Transformer DEBUG] Writing dev/emi/emi/api/recipe/EmiCraftingRecipe with maxs=true frames=true
[Architectury Transformer DEBUG] Writing dev/emi/emi/api/recipe/BasicEmiRecipe with maxs=true frames=true
[Architectury Transformer DEBUG] Writing dev/emi/emi/api/EmiStackProvider with maxs=true frames=true
[Architectury Transformer DEBUG] Writing dev/emi/emi/api/EmiScreenBoundsProvider with maxs=true frames=true
[Architectury Transformer DEBUG] Writing dev/emi/emi/api/EmiRegistry with maxs=true frames=true
[Architectury Transformer DEBUG] Writing dev/emi/emi/api/EmiPlugin with maxs=true frames=true
[Architectury Transformer DEBUG] Writing dev/emi/emi/api/EmiInitRegistry with maxs=true frames=true
[Architectury Transformer DEBUG] Writing dev/emi/emi/api/EmiFillAction with maxs=true frames=true
[Architectury Transformer DEBUG] Writing dev/emi/emi/api/EmiExclusionArea with maxs=true frames=true
[Architectury Transformer DEBUG] Writing dev/emi/emi/api/EmiEntrypoint with maxs=true frames=true
[Architectury Transformer DEBUG] Writing dev/emi/emi/api/EmiDragDropHandler with maxs=true frames=true
[Architectury Transformer DEBUG] Writing dev/emi/emi/api/EmiDragDropHandler$SlotBased with maxs=true frames=true
[Architectury Transformer DEBUG] Writing dev/emi/emi/api/EmiDragDropHandler$SlotBased$TriConsumer with maxs=true frames=true
[Architectury Transformer DEBUG] Writing dev/emi/emi/api/EmiDragDropHandler$BoundsBased with maxs=true frames=true
[Architectury Transformer DEBUG] Writing dev/emi/emi/api/EmiApi with maxs=true frames=true
[Architectury Transformer DEBUG] Writing dev/emi/emi/api/EmiApi$1 with maxs=true frames=true
[Architectury Transformer DEBUG] Closed File Systems for C:\Users\Boston\Downloads\ProjectFlint sourceCode\PF-EMI\PF-EMI\xplat\build\libs\pf-emi-1.1.23-pf.1+1.21.11+xplat-transformProductionFabric.jar
[Architectury Transformer] Transformed jar with 5 transformer(s) in 1.585 s
